namespace: randomnessbeacon || function: withCallingHandlers || Log signal type: INFO 
[2026-05-05 20:03:47]: || .inform ||[1m[34m<message/rlang_message>[39m[22m
[1m[33mMessage[39m:[22m
[1m[22mbeacr: Creating debug log folder at:
C:/Users/cnsodano/Documents/Projects/randomnessbeacon/logs
Calling rlang::inform...
namespace: randomnessbeacon || function: handlers[[1L]] || Log signal type: INFO 
[2026-05-05 20:03:58]: || .inform ||[1m[34m<message/rlang_message>[39m[22m
[1m[33mMessage[39m:[22m
[1m[22m`beacr` loaded. Seed log default
location is: C:/Users/cnsodano/AppData/Roaming/R/data/R/beacr
Calling rlang::inform...
namespace: randomnessbeacon || function: NA || Log signal type: WARN 
[2026-05-05 20:04:08]: || .warn || [1m[34m<warning/rlang_warning>[39m[22m
[1m[33mWarning[39m:[22m
[1m[22mthis
Calling rlang::warn...
namespace: randomnessbeacon || function: handlers[[1L]] || Log signal type: INFO 
[2026-05-05 20:07:01]: || .inform ||[1m[34m<message/rlang_message>[39m[22m
[1m[33mMessage[39m:[22m
[1m[22mbeacr: Debug logs are being written
to: C:/Users/cnsodano/Documents/Projects/randomnessbeacon/logs
Calling rlang::inform...
namespace: randomnessbeacon || function: handlers[[1L]] || Log signal type: INFO 
[2026-05-05 20:07:01]: || .inform ||[1m[34m<message/rlang_message>[39m[22m
[1m[33mMessage[39m:[22m
[1m[22m`beacr` loaded. Seed log default
location is: C:/Users/cnsodano/AppData/Roaming/R/data/R/beacr
Calling rlang::inform...
namespace: randomnessbeacon || function: NA || Log signal type: WARN 
[2026-05-05 20:07:05]: || .warn || [1m[34m<warning/rlang_warning>[39m[22m
[1m[33mWarning[39m:[22m
this
Calling rlang::warn...
namespace: randomnessbeacon || function: NA || Log signal type: WARN 
[2026-05-05 20:07:11]: || .warn || [1m[34m<warning/rlang_warning>[39m[22m
[1m[33mWarning[39m:[22m
this
Calling rlang::warn...
namespace: randomnessbeacon || function: handlers[[1L]] || Log signal type: INFO 
[2026-05-05 20:09:38]: || .inform ||[1m[34m<message/rlang_message>[39m[22m
[1m[33mMessage[39m:[22m
[1m[22mbeacr: Debug logs are being written
to: C:/Users/cnsodano/Documents/Projects/randomnessbeacon/logs
Calling rlang::inform...
namespace: randomnessbeacon || function: handlers[[1L]] || Log signal type: INFO 
[2026-05-05 20:09:38]: || .inform ||[1m[34m<message/rlang_message>[39m[22m
[1m[33mMessage[39m:[22m
[1m[22m`beacr` loaded. Seed log default
location is: C:/Users/cnsodano/AppData/Roaming/R/data/R/beacr
Calling rlang::inform...
namespace: randomnessbeacon || function: NA || Log signal type: WARN 
[2026-05-05 20:09:42]: || .warn || [1m[34m<warning/rlang_warning>[39m[22m
[1m[33mWarning[39m:[22m
[1m[22mthis
Calling rlang::warn...
namespace: randomnessbeacon || function: NA || Log signal type: WARN 
[2026-05-05 20:09:46]: || .warn || [1m[34m<warning/rlang_warning>[39m[22m
[1m[33mWarning[39m:[22m
[1m[22mthis
Calling rlang::warn...
namespace: randomnessbeacon || function: NA || Log signal type: WARN 
[2026-05-05 20:09:57]: || .warn || [1m[34m<warning/rlang_warning>[39m[22m
[1m[33mWarning[39m:[22m
[1m[22mthis
Calling rlang::warn...
namespace: randomnessbeacon || function: handlers[[1L]] || Log signal type: INFO 
[2026-05-05 20:12:06]: || .inform ||[1m[34m<message/rlang_message>[39m[22m
[1m[33mMessage[39m:[22m
[1m[22mbeacr: Debug logs are being written
to: C:/Users/cnsodano/Documents/Projects/randomnessbeacon/logs
Calling rlang::inform...
namespace: randomnessbeacon || function: handlers[[1L]] || Log signal type: INFO 
[2026-05-05 20:12:06]: || .inform ||<message/rlang_message>
Message:
`beacr` loaded. Seed log default
location is: C:/Users/cnsodano/AppData/Roaming/R/data/R/beacr
Calling rlang::inform...
namespace: randomnessbeacon || function: NA || Log signal type: WARN 
[2026-05-05 20:12:07]: || .warn || <warning/rlang_warning>
Warning:
this
Calling rlang::warn...
namespace: randomnessbeacon || function: handlers[[1L]] || Log signal type: INFO 
[2026-05-05 20:13:25]: || .inform ||<message/rlang_message>
Message:
beacr: Debug logs are being written
to: C:/Users/cnsodano/Documents/Projects/randomnessbeacon/logs
Calling rlang::inform...
namespace: randomnessbeacon || function: handlers[[1L]] || Log signal type: INFO 
[2026-05-05 20:13:25]: || .inform ||[1m[34m<message/rlang_message>[39m[22m
[1m[33mMessage[39m:[22m
[1m[22m`beacr` loaded. Seed log default
location is: C:/Users/cnsodano/AppData/Roaming/R/data/R/beacr
Calling rlang::inform...
namespace: randomnessbeacon || function: NA || Log signal type: WARN 
[2026-05-05 20:13:28]: || .warn || [1m[34m<warning/rlang_warning>[39m[22m
[1m[33mWarning[39m:[22m
[1m[22mthis
Calling rlang::warn...
namespace: randomnessbeacon || function: NA || Log signal type: WARN 
[2026-05-05 20:13:40]: || .warn || [1m[34m<warning/rlang_warning>[39m[22m
[1m[33mWarning[39m:[22m
[1m[22mthis
Calling rlang::warn...
namespace: randomnessbeacon || function: handlers[[1L]] || Log signal type: INFO 
[2026-05-05 20:24:44]: || .inform ||<message/rlang_message>
Message:
beacr: Debug logs are being written to:
C:/Users/cnsodano/Documents/Projects/randomnessbeacon/logs
Calling rlang::inform...
namespace: randomnessbeacon || function: handlers[[1L]] || Log signal type: INFO 
[2026-05-05 20:24:54]: || .inform ||<message/rlang_message>
Message:
`beacr` loaded. Seed log default location is:
C:/Users/cnsodano/AppData/Roaming/R/data/R/beacr
Calling rlang::inform...
namespace: randomnessbeacon || function: handlers[[1L]] || Log signal type: INFO 
[2026-05-05 20:25:32]: || .inform ||<message/rlang_message>
Message:
beacr: Debug logs are being written to:
C:/Users/cnsodano/Documents/Projects/randomnessbeacon/logs
Calling rlang::inform...
namespace: randomnessbeacon || function: handlers[[1L]] || Log signal type: INFO 
[2026-05-05 20:25:33]: || .inform ||<message/rlang_message>
Message:
`beacr` loaded. Seed log default location is:
C:/Users/cnsodano/AppData/Roaming/R/data/R/beacr
Calling rlang::inform...
namespace: randomnessbeacon || function: handlers[[1L]] || Log signal type: INFO 
[2026-05-05 20:25:51]: || .inform ||<message/rlang_message>
Message:
beacr: Debug logs are being written to:
C:/Users/cnsodano/Documents/Projects/randomnessbeacon/logs
Calling rlang::inform...
namespace: randomnessbeacon || function: handlers[[1L]] || Log signal type: INFO 
[2026-05-05 20:25:52]: || .inform ||<message/rlang_message>
Message:
`beacr` loaded. Seed log default location is:
C:/Users/cnsodano/AppData/Roaming/R/data/R/beacr
Calling rlang::inform...
namespace: randomnessbeacon || function: handlers[[1L]] || Log signal type: INFO 
[2026-05-05 20:27:34]: || .inform ||<message/rlang_message>
Message:
beacr: Debug logs are being written to:
C:/Users/cnsodano/Documents/Projects/randomnessbeacon/logs
Calling rlang::inform...



namespace: randomnessbeacon || function: handlers[[1L]] || Log signal type: INFO 
[2026-05-05 20:27:44]: || .inform ||<message/rlang_message>
Message:
`beacr` loaded. Seed log default location is:
C:/Users/cnsodano/AppData/Roaming/R/data/R/beacr
Calling rlang::inform...



namespace: randomnessbeacon || function: handlers[[1L]] || Log signal type: INFO 
[2026-05-05 20:27:54]: || .inform ||<message/rlang_message>
Message:
beacr: Debug logs are being written to:
C:/Users/cnsodano/Documents/Projects/randomnessbeacon/logs
Calling rlang::inform...

this

namespace: randomnessbeacon || function: handlers[[1L]] || Log signal type: INFO 
[2026-05-05 20:27:56]: || .inform ||<message/rlang_message>
Message:
`beacr` loaded. Seed log default location is:
C:/Users/cnsodano/AppData/Roaming/R/data/R/beacr
Calling rlang::inform...

this

namespace: randomnessbeacon || function: handlers[[1L]] || Log signal type: INFO 
[2026-05-05 20:28:11]: || .inform ||<message/rlang_message>
Message:
beacr: Debug logs are being written to:
C:/Users/cnsodano/Documents/Projects/randomnessbeacon/logs
Calling rlang::inform...



namespace: randomnessbeacon || function: handlers[[1L]] || Log signal type: INFO 
[2026-05-05 20:28:13]: || .inform ||<message/rlang_message>
Message:
`beacr` loaded. Seed log default location is:
C:/Users/cnsodano/AppData/Roaming/R/data/R/beacr
Calling rlang::inform...



namespace: randomnessbeacon || function: handlers[[1L]] || Log signal type: INFO 
[2026-05-05 20:28:29]: || .inform ||<message/rlang_message>
Message:
beacr: Debug logs are being written to:
C:/Users/cnsodano/Documents/Projects/randomnessbeacon/logs
Calling rlang::inform...


namespace: randomnessbeacon || function: handlers[[1L]] || Log signal type: INFO 
[2026-05-05 20:28:30]: || .inform ||<message/rlang_message>
Message:
`beacr` loaded. Seed log default location is:
C:/Users/cnsodano/AppData/Roaming/R/data/R/beacr
Calling rlang::inform...


namespace: randomnessbeacon || function: handlers[[1L]] || Log signal type: INFO 
[2026-05-05 20:33:06]: || .inform ||<message/rlang_message>
Message:
beacr: Debug logs are being written to:
C:/Users/cnsodano/Documents/Projects/randomnessbeacon/logs
Calling rlang::inform...


namespace: randomnessbeacon || function: handlers[[1L]] || Log signal type: INFO 
[2026-05-05 20:33:06]: || .inform ||<message/rlang_message>
Message:
`beacr` loaded. Seed log default location is:
C:/Users/cnsodano/AppData/Roaming/R/data/R/beacr
Calling rlang::inform...


namespace: randomnessbeacon || function: NA || Log signal type: WARN 
[2026-05-05 20:33:14]: || .warn || <warning/rlang_warning>
Warning:
tiasdlfkja
Calling rlang::warn...


namespace: randomnessbeacon || function: handlers[[1L]] || Log signal type: INFO 
[2026-05-05 20:48:34]: || .inform ||<message/rlang_message>
Message:
beacr: Debug logs are being written to:
C:/Users/cnsodano/Documents/Projects/randomnessbeacon/logs
Calling rlang::inform...


namespace: randomnessbeacon || function: handlers[[1L]] || Log signal type: INFO 
[2026-05-05 20:48:36]: || .inform ||<message/rlang_message>
Message:
`beacr` loaded. Seed log default location is:
C:/Users/cnsodano/AppData/Roaming/R/data/R/beacr
Calling rlang::inform...


namespace: randomnessbeacon || function: NA || Log signal type: DEBUG 
[2026-05-05 20:48:53]: || .debug || <message/randomnessbeacon.debug>
Message:
this
Calling rlang::inform...


namespace: randomnessbeacon || function: NA || Log signal type: ERROR 
[2026-05-05 20:49:04]: || .error ||<error/jklasd>
Error:
! this
Calling rlang::abort...


namespace: randomnessbeacon || function: handlers[[1L]] || Log signal type: INFO 
[2026-05-05 20:50:41]: || .inform ||<warning/rlang_warning>
Warning:
beacr: Debug logs are being written to:
C:/Users/cnsodano/Documents/Projects/randomnessbeacon/logs
Calling rlang::inform...


namespace: randomnessbeacon || function: handlers[[1L]] || Log signal type: INFO 
[2026-05-05 20:50:41]: || .inform ||<warning/rlang_warning>
Warning:
`beacr` loaded. Seed log default location is:
C:/Users/cnsodano/AppData/Roaming/R/data/R/beacr
Calling rlang::inform...


namespace: randomnessbeacon || function: handlers[[1L]] || Log signal type: INFO 
[2026-05-05 20:50:43]: || .inform ||<warning/rlang_warning>
Warning:
beacr: Debug logs are being written to:
C:/Users/cnsodano/Documents/Projects/randomnessbeacon/logs
Calling rlang::inform...


namespace: randomnessbeacon || function: handlers[[1L]] || Log signal type: INFO 
[2026-05-05 20:50:43]: || .inform ||<warning/rlang_warning>
Warning:
`beacr` loaded. Seed log default location is:
C:/Users/cnsodano/AppData/Roaming/R/data/R/beacr
Calling rlang::inform...


namespace: randomnessbeacon || function: NA || Log signal type: WARN 
[2026-05-05 20:50:45]: || .warn || <error/rlang_error>
Error:
! this
Calling rlang::warn...


namespace: randomnessbeacon || function: handlers[[1L]] || Log signal type: INFO 
[2026-05-05 20:51:02]: || .inform ||<warning/rlang_warning>
Warning:
beacr: Debug logs are being written to:
C:/Users/cnsodano/Documents/Projects/randomnessbeacon/logs
Calling rlang::inform...


namespace: randomnessbeacon || function: handlers[[1L]] || Log signal type: INFO 
[2026-05-05 20:51:02]: || .inform ||<warning/rlang_warning>
Warning:
`beacr` loaded. Seed log default location is:
C:/Users/cnsodano/AppData/Roaming/R/data/R/beacr
Calling rlang::inform...


namespace: randomnessbeacon || function: handlers[[1L]] || Log signal type: INFO 
[2026-05-05 20:51:18]: || .inform ||<warning/rlang_warning>
Warning:
beacr: Debug logs are being written to:
C:/Users/cnsodano/Documents/Projects/randomnessbeacon/logs
Calling rlang::inform...


namespace: randomnessbeacon || function: handlers[[1L]] || Log signal type: INFO 
[2026-05-05 20:51:18]: || .inform ||<warning/rlang_warning>
Warning:
`beacr` loaded. Seed log default location is:
C:/Users/cnsodano/AppData/Roaming/R/data/R/beacr
Calling rlang::inform...


namespace: randomnessbeacon || function: NA || Log signal type: WARN 
[2026-05-05 20:51:53]: || .warn || <error/rlang_error>
Error:
! this
Calling rlang::warn...


namespace: randomnessbeacon || function: .warn || Log signal type: INFO 
[2026-05-05 20:53:06]: || .inform ||<warning/rlang_warning>
Warning:
this
Calling rlang::inform...


namespace: randomnessbeacon || function: .warn || Log signal type: WARN 
[2026-05-05 20:53:13]: this


namespace: randomnessbeacon || function: handlers[[1L]] || Log signal type: INFO 
[2026-05-05 20:54:55]: || .inform ||<warning/rlang_warning>
Warning:
beacr: Debug logs are being written to:
C:/Users/cnsodano/Documents/Projects/randomnessbeacon/logs
Calling rlang::inform...


namespace: randomnessbeacon || function: handlers[[1L]] || Log signal type: INFO 
[2026-05-05 20:54:55]: || .inform ||<warning/rlang_warning>
Warning:
`beacr` loaded. Seed log default location is:
C:/Users/cnsodano/AppData/Roaming/R/data/R/beacr
Calling rlang::inform...


namespace: randomnessbeacon || function: NA || Log signal type: WARN 
[2026-05-05 20:54:59]: || .warn || <error/rlang_error>
Error:
! this
Calling rlang::warn...


namespace: randomnessbeacon || function: handlers[[1L]] || Log signal type: INFO 
[2026-05-05 20:56:17]: || .inform ||<warning/rlang_warning>
Warning:
beacr: Debug logs are being written to:
C:/Users/cnsodano/Documents/Projects/randomnessbeacon/logs
Calling rlang::inform...


namespace: randomnessbeacon || function: handlers[[1L]] || Log signal type: INFO 
[2026-05-05 20:56:17]: || .inform ||<warning/rlang_warning>
Warning:
`beacr` loaded. Seed log default location is:
C:/Users/cnsodano/AppData/Roaming/R/data/R/beacr
Calling rlang::inform...


namespace: randomnessbeacon || function: NA || Log signal type: WARN 
[2026-05-05 20:56:18]: || .warn || strictness:1<error/rlang_error>
Error:
! this
Calling rlang::warn...


namespace: randomnessbeacon || function: NA || Log signal type: WARN 
[2026-05-05 20:56:39]: || .warn || strictness:1<error/rlang_error>
Error:
! this
Calling rlang::warn...


namespace: randomnessbeacon || function: handlers[[1L]] || Log signal type: INFO 
[2026-05-05 20:56:42]: || .inform ||<warning/rlang_warning>
Warning:
beacr: Debug logs are being written to:
C:/Users/cnsodano/Documents/Projects/randomnessbeacon/logs
Calling rlang::inform...


namespace: randomnessbeacon || function: handlers[[1L]] || Log signal type: INFO 
[2026-05-05 20:56:42]: || .inform ||<warning/rlang_warning>
Warning:
`beacr` loaded. Seed log default location is:
C:/Users/cnsodano/AppData/Roaming/R/data/R/beacr
Calling rlang::inform...


namespace: randomnessbeacon || function: NA || Log signal type: WARN 
[2026-05-05 20:56:43]: || .warn || strictness:1 || <error/rlang_error>
Error:
! this
Calling rlang::warn...


namespace: randomnessbeacon || function: NA || Log signal type: INFO 
[2026-05-05 20:58:09]: || .inform ||<warning/rlang_warning>
Warning:
this
Calling rlang::inform...


namespace: randomnessbeacon || function: handlers[[1L]] || Log signal type: INFO 
[2026-05-05 20:58:17]: || .inform || strictness: || <warning/rlang_warning>
Warning:
beacr: Debug logs are being written to:
C:/Users/cnsodano/Documents/Projects/randomnessbeacon/logs
Calling rlang::inform...


namespace: randomnessbeacon || function: handlers[[1L]] || Log signal type: INFO 
[2026-05-05 20:58:17]: || .inform || strictness: || <warning/rlang_warning>
Warning:
`beacr` loaded. Seed log default location is:
C:/Users/cnsodano/AppData/Roaming/R/data/R/beacr
Calling rlang::inform...


namespace: randomnessbeacon || function: NA || Log signal type: INFO 
[2026-05-05 20:58:18]: || .inform || strictness: || <warning/rlang_warning>
Warning:
this
Calling rlang::inform...


namespace: randomnessbeacon || function: handlers[[1L]] || Log signal type: INFO 
[2026-05-05 21:00:45]: || .inform || strictness:1 || <warning/rlang_warning>
Warning:
beacr: Debug logs are being written to:
C:/Users/cnsodano/Documents/Projects/randomnessbeacon/logs
Calling rlang::inform...


namespace: randomnessbeacon || function: handlers[[1L]] || Log signal type: INFO 
[2026-05-05 21:00:45]: || .inform || strictness:1 || <warning/rlang_warning>
Warning:
`beacr` loaded. Seed log default location is:
C:/Users/cnsodano/AppData/Roaming/R/data/R/beacr
Calling rlang::inform...


namespace: randomnessbeacon || function: NA || Log signal type: INFO 
[2026-05-05 21:00:46]: || .inform || strictness:1 || <warning/rlang_warning>
Warning:
this
Calling rlang::inform...


namespace: randomnessbeacon || function: NA || Log signal type: DEBUG 
[2026-05-05 21:00:49]: || .debug ||  strictness:1 || <message/randomnessbeacon.debug>
Message:
this
Calling rlang::inform...


namespace: randomnessbeacon || function: NA || Log signal type: INFO 
[2026-05-05 21:00:54]: || .success ||  strictness:1 || <message/randomnessbeacon.success>
Message:
✔ this
Calling rlang::inform...


namespace: randomnessbeacon || function: NA || Log signal type: ERROR 
[2026-05-05 21:00:59]: || .nonstopping_fail ||  strictness:1 || <message/randomnessbeacon.nonstopping_fail>
Message:
✖ this
Calling rlang::inform...


namespace: randomnessbeacon || function: NA || Log signal type: ERROR 
[2026-05-05 21:01:03]: || .error || strictness:1 || <error/rlang_error>
Error:
! this
Calling rlang::abort...


namespace: randomnessbeacon || function: NA || Log signal type: WARN 
[2026-05-05 21:01:08]: || .warn || strictness:1 || <error/rlang_error>
Error:
! this
Calling rlang::warn...


namespace: randomnessbeacon || function: read_log || Log signal type: INFO 
[2026-05-05 21:56:32]: || .inform || strictness:0 || <message/rlang_message>
Message:
No log file was provided, searching in the
default log directory
C:/Users/cnsodano/Documents/Projects/randomnessbeacon/logs
Calling rlang::inform...


namespace: randomnessbeacon || function: read_log || Log signal type: INFO 
[2026-05-05 22:02:30]: || .inform || strictness:0 || <message/rlang_message>
Message:
No log file was provided, searching in the
default log directory
C:/Users/cnsodano/Documents/Projects/randomnessbeacon/logs
Calling rlang::inform...


namespace: randomnessbeacon || function: read_log || Log signal type: INFO 
[2026-05-05 22:02:31]: || .success ||  strictness:0 || <message/randomnessbeacon.success>
Message:
✔ Selected 1
Calling rlang::inform...


namespace: randomnessbeacon || function: read_log || Log signal type: INFO 
[2026-05-05 22:02:59]: || .inform || strictness:0 || <message/rlang_message>
Message:
No log file was provided, searching in the
default log directory
C:/Users/cnsodano/Documents/Projects/randomnessbeacon/logs
Calling rlang::inform...


namespace: randomnessbeacon || function: read_log || Log signal type: INFO 
[2026-05-05 22:03:01]: || .success ||  strictness:0 || <message/randomnessbeacon.success>
Message:
✔ Selected 1
Calling rlang::inform...


namespace: randomnessbeacon || function: read_log || Log signal type: INFO 
[2026-05-05 22:03:01]: || .inform || strictness:0 || <message/rlang_message>
Message:
Showing file C:/Users/cnsodano/Documents/Projects/randomnessbeacon/logs/beacr_debug.log in default R
file viewer You may have to look for newly
opened windows (the window may not pop up
automatically)
Calling rlang::inform...


