INFO [2026-05-13 15:08:01] || .inform || strictness:0 || <message/rlang_message>
Message:
beacr: Creating debug log folder at: C:/Users/cnsodano/Documents/Projects/randomnessbeacon/vignettes/beacr
Calling rlang::inform...


namespace: beacr || Log signal type: INFO 
[2026-05-13 15:08:01]: || .inform || strictness:0 || <message/rlang_message>
Message:
beacr: Seed log default location is: C:/Users/cnsodano/Documents/Projects/randomnessbeacon/vignettes/beacr
Calling rlang::inform...


INFO [2026-05-13 15:21:53] || .inform || strictness:0 || <message/rlang_message>
Message:
beacr: Debug logs are being written to: C:/Users/cnsodano/Documents/Projects/randomnessbeacon/vignettes/beacr
Calling rlang::inform...


namespace: beacr || Log signal type: INFO 
[2026-05-13 15:21:53]: || .inform || strictness:0 || <message/rlang_message>
Message:
beacr: Seed log default location is: C:/Users/cnsodano/Documents/Projects/randomnessbeacon/vignettes/beacr
Calling rlang::inform...


INFO [2026-05-14 14:31:57] || .inform || strictness:0 || <message/rlang_message>
Message:
beacr: Debug logs are being written to: C:/Users/cnsodano/Documents/Projects/randomnessbeacon/vignettes/beacr
Calling rlang::inform...


namespace: beacr || Log signal type: INFO 
[2026-05-14 14:31:57]: || .inform || strictness:0 || <message/rlang_message>
Message:
beacr: Seed log default location is: C:/Users/cnsodano/Documents/Projects/randomnessbeacon/vignettes/beacr
Calling rlang::inform...


namespace: beacr || Log signal type: INFO 
[2026-05-14 14:31:57]: || .inform || strictness:0 || <message/rlang_message>
Message:
beacr fully loaded!
Calling rlang::inform...


INFO [2026-05-14 15:06:08] || .inform || strictness:0 || <message/rlang_message>
Message:
beacr: Debug logs are being written to: C:/Users/cnsodano/Documents/Projects/randomnessbeacon/vignettes/beacr
Calling rlang::inform...


namespace: beacr || Log signal type: INFO 
[2026-05-14 15:06:08]: || .inform || strictness:0 || <message/rlang_message>
Message:
beacr: Seed log default location is: C:/Users/cnsodano/Documents/Projects/randomnessbeacon/vignettes/beacr
Calling rlang::inform...


namespace: beacr || Log signal type: INFO 
[2026-05-14 15:06:08]: || .inform || strictness:0 || <message/rlang_message>
Message:
beacr fully loaded!
Calling rlang::inform...


INFO [2026-05-14 15:10:56] || .inform || strictness:0 || <message/rlang_message>
Message:
beacr: Debug logs are being written to: C:/Users/cnsodano/Documents/Projects/randomnessbeacon/vignettes/beacr
Calling rlang::inform...


namespace: beacr || Log signal type: INFO 
[2026-05-14 15:10:56]: || .inform || strictness:0 || <message/rlang_message>
Message:
beacr: Seed log default location is: C:/Users/cnsodano/Documents/Projects/randomnessbeacon/vignettes/beacr
Calling rlang::inform...


namespace: beacr || Log signal type: INFO 
[2026-05-14 15:10:56]: || .inform || strictness:0 || <message/rlang_message>
Message:
beacr fully loaded!
Calling rlang::inform...


INFO [2026-05-15 08:04:24] || .inform || strictness:0 || <message/rlang_message>
Message:
beacr: Debug logs are being written to: C:/Users/cnsodano/Documents/Projects/randomnessbeacon/vignettes/beacr
Calling rlang::inform...


namespace: beacr || Log signal type: INFO 
[2026-05-15 08:04:24]: || .inform || strictness:0 || <message/rlang_message>
Message:
beacr: Seed log default location is: C:/Users/cnsodano/Documents/Projects/randomnessbeacon/vignettes/beacr
Calling rlang::inform...


namespace: beacr || Log signal type: INFO 
[2026-05-15 08:04:24]: || .inform || strictness:0 || <message/rlang_message>
Message:
beacr fully loaded!
Calling rlang::inform...


INFO [2026-05-15 16:30:59] || .inform || strictness:0 || <message/rlang_message>
Message:
beacr: Debug logs are being written to: C:/Users/cnsodano/Documents/Projects/randomnessbeacon/vignettes/beacr
Calling rlang::inform...


namespace: beacr || Log signal type: INFO 
[2026-05-15 16:30:59]: || .inform || strictness:0 || <message/rlang_message>
Message:
beacr: Seed log default location is: C:/Users/cnsodano/Documents/Projects/randomnessbeacon/vignettes/beacr
Calling rlang::inform...


namespace: beacr || Log signal type: INFO 
[2026-05-15 16:30:59]: || .inform || strictness:0 || <message/rlang_message>
Message:
beacr fully loaded!
Calling rlang::inform...


INFO [2026-05-16 09:27:09] || .inform || strictness:0 || <message/rlang_message>
Message:
beacr: Debug logs are being written to: C:/Users/cnsodano/Documents/Projects/randomnessbeacon/vignettes/beacr
Calling rlang::inform...


namespace: beacr || Log signal type: INFO 
[2026-05-16 09:27:09]: || .inform || strictness:0 || <message/rlang_message>
Message:
beacr: Seed log default location is: C:/Users/cnsodano/Documents/Projects/randomnessbeacon/vignettes/beacr
Calling rlang::inform...


namespace: beacr || Log signal type: INFO 
[2026-05-16 09:27:09]: || .inform || strictness:0 || <message/rlang_message>
Message:
beacr fully loaded!
Calling rlang::inform...


INFO [2026-05-16 09:58:24] || .inform || strictness:0 || <message/rlang_message>
Message:
beacr: Debug logs are being written to: C:/Users/cnsodano/Documents/Projects/randomnessbeacon/vignettes/beacr
Calling rlang::inform...


namespace: beacr || Log signal type: INFO 
[2026-05-16 09:58:24]: || .inform || strictness:0 || <message/rlang_message>
Message:
beacr: Seed log default location is: C:/Users/cnsodano/Documents/Projects/randomnessbeacon/vignettes/beacr
Calling rlang::inform...


namespace: beacr || Log signal type: INFO 
[2026-05-16 09:58:24]: || .inform || strictness:0 || <message/rlang_message>
Message:
beacr fully loaded!
Calling rlang::inform...


INFO [2026-05-16 10:19:00] || .inform || strictness:0 || <message/rlang_message>
Message:
beacr: Debug logs are being written to: C:/Users/cnsodano/Documents/Projects/randomnessbeacon/vignettes/beacr
Calling rlang::inform...


namespace: beacr || Log signal type: INFO 
[2026-05-16 10:19:00]: || .inform || strictness:0 || <message/rlang_message>
Message:
beacr: Seed log default location is: C:/Users/cnsodano/Documents/Projects/randomnessbeacon/vignettes/beacr
Calling rlang::inform...


namespace: beacr || Log signal type: INFO 
[2026-05-16 10:19:00]: || .inform || strictness:0 || <message/rlang_message>
Message:
beacr fully loaded!
Calling rlang::inform...


INFO [2026-05-16 10:49:39] || .inform || strictness:0 || <message/rlang_message>
Message:
beacr: Debug logs are being written to: C:/Users/cnsodano/Documents/Projects/randomnessbeacon/vignettes/beacr
Calling rlang::inform...


namespace: beacr || Log signal type: INFO 
[2026-05-16 10:49:39]: || .inform || strictness:0 || <message/rlang_message>
Message:
beacr: Seed log default location is: C:/Users/cnsodano/Documents/Projects/randomnessbeacon/vignettes/beacr
Calling rlang::inform...


namespace: beacr || Log signal type: INFO 
[2026-05-16 10:49:39]: || .inform || strictness:0 || <message/rlang_message>
Message:
beacr fully loaded!
Calling rlang::inform...


INFO [2026-05-16 10:55:33] || .inform || strictness:0 || <message/rlang_message>
Message:
beacr: Debug logs are being written to: C:/Users/cnsodano/Documents/Projects/randomnessbeacon/vignettes/beacr
Calling rlang::inform...


namespace: beacr || Log signal type: INFO 
[2026-05-16 10:55:33]: || .inform || strictness:0 || <message/rlang_message>
Message:
beacr: Seed log default location is: C:/Users/cnsodano/Documents/Projects/randomnessbeacon/vignettes/beacr
Calling rlang::inform...


namespace: beacr || Log signal type: INFO 
[2026-05-16 10:55:33]: || .inform || strictness:0 || <message/rlang_message>
Message:
beacr fully loaded!
Calling rlang::inform...


INFO [2026-05-16 10:59:34] || .inform || strictness:0 || <message/rlang_message>
Message:
beacr: Debug logs are being written to: C:/Users/cnsodano/Documents/Projects/randomnessbeacon/vignettes/beacr
Calling rlang::inform...


namespace: beacr || Log signal type: INFO 
[2026-05-16 10:59:34]: || .inform || strictness:0 || <message/rlang_message>
Message:
beacr: Seed log default location is: C:/Users/cnsodano/Documents/Projects/randomnessbeacon/vignettes/beacr
Calling rlang::inform...


namespace: beacr || Log signal type: INFO 
[2026-05-16 10:59:34]: || .inform || strictness:0 || <message/rlang_message>
Message:
beacr fully loaded!
Calling rlang::inform...


INFO [2026-05-16 11:09:03] || .inform || strictness:0 || <message/rlang_message>
Message:
beacr: Debug logs are being written to: C:/Users/cnsodano/Documents/Projects/randomnessbeacon/vignettes/beacr
Calling rlang::inform...


namespace: beacr || Log signal type: INFO 
[2026-05-16 11:09:03]: || .inform || strictness:0 || <message/rlang_message>
Message:
beacr: Seed log default location is: C:/Users/cnsodano/Documents/Projects/randomnessbeacon/vignettes/beacr
Calling rlang::inform...


namespace: beacr || Log signal type: INFO 
[2026-05-16 11:09:03]: || .inform || strictness:0 || <message/rlang_message>
Message:
beacr fully loaded!
Calling rlang::inform...


INFO [2026-05-16 11:10:57] || .inform || strictness:0 || <message/rlang_message>
Message:
beacr: Debug logs are being written to: C:/Users/cnsodano/Documents/Projects/randomnessbeacon/vignettes/beacr
Calling rlang::inform...


namespace: beacr || Log signal type: INFO 
[2026-05-16 11:10:57]: || .inform || strictness:0 || <message/rlang_message>
Message:
beacr: Seed log default location is: C:/Users/cnsodano/Documents/Projects/randomnessbeacon/vignettes/beacr
Calling rlang::inform...


namespace: beacr || Log signal type: INFO 
[2026-05-16 11:10:57]: || .inform || strictness:0 || <message/rlang_message>
Message:
beacr fully loaded!
Calling rlang::inform...


INFO [2026-05-16 11:47:02] || .inform || strictness:0 || <message/rlang_message>
Message:
beacr: Debug logs are being written to: C:/Users/cnsodano/Documents/Projects/randomnessbeacon/vignettes/beacr
Calling rlang::inform...


namespace: beacr || Log signal type: INFO 
[2026-05-16 11:47:02]: || .inform || strictness:0 || <message/rlang_message>
Message:
beacr: Seed log default location is: C:/Users/cnsodano/Documents/Projects/randomnessbeacon/vignettes/beacr
Calling rlang::inform...


namespace: beacr || Log signal type: INFO 
[2026-05-16 11:47:02]: || .inform || strictness:0 || <message/rlang_message>
Message:
beacr fully loaded!
Calling rlang::inform...


INFO [2026-05-16 11:51:24] || .inform || strictness:0 || <message/rlang_message>
Message:
beacr: Debug logs are being written to: C:/Users/cnsodano/Documents/Projects/randomnessbeacon/vignettes/beacr
Calling rlang::inform...


namespace: beacr || Log signal type: INFO 
[2026-05-16 11:51:24]: || .inform || strictness:0 || <message/rlang_message>
Message:
beacr: Seed log default location is: C:/Users/cnsodano/Documents/Projects/randomnessbeacon/vignettes/beacr
Calling rlang::inform...


namespace: beacr || Log signal type: INFO 
[2026-05-16 11:51:24]: || .inform || strictness:0 || <message/rlang_message>
Message:
beacr fully loaded!
Calling rlang::inform...


INFO [2026-05-16 11:58:09] || .inform || strictness:0 || <message/rlang_message>
Message:
beacr: Debug logs are being written to: C:/Users/cnsodano/Documents/Projects/randomnessbeacon/vignettes/beacr
Calling rlang::inform...


namespace: beacr || Log signal type: INFO 
[2026-05-16 11:58:09]: || .inform || strictness:0 || <message/rlang_message>
Message:
beacr: Seed log default location is: C:/Users/cnsodano/Documents/Projects/randomnessbeacon/vignettes/beacr
Calling rlang::inform...


namespace: beacr || Log signal type: INFO 
[2026-05-16 11:58:09]: || .inform || strictness:0 || <message/rlang_message>
Message:
beacr fully loaded!
Calling rlang::inform...


INFO [2026-05-16 12:06:05] || .inform || strictness:0 || <message/rlang_message>
Message:
beacr: Debug logs are being written to: C:/Users/cnsodano/Documents/Projects/randomnessbeacon/vignettes/beacr
Calling rlang::inform...


namespace: beacr || Log signal type: INFO 
[2026-05-16 12:06:05]: || .inform || strictness:0 || <message/rlang_message>
Message:
beacr: Seed log default location is: C:/Users/cnsodano/Documents/Projects/randomnessbeacon/vignettes/beacr
Calling rlang::inform...


namespace: beacr || Log signal type: INFO 
[2026-05-16 12:06:05]: || .inform || strictness:0 || <message/rlang_message>
Message:
beacr fully loaded!
Calling rlang::inform...


INFO [2026-05-16 12:58:46] || .inform || strictness:0 || <message/rlang_message>
Message:
beacr: Debug logs are being written to: C:/Users/cnsodano/Documents/Projects/randomnessbeacon/vignettes/beacr
Calling rlang::inform...


namespace: beacr || Log signal type: INFO 
[2026-05-16 12:58:46]: || .inform || strictness:0 || <message/rlang_message>
Message:
beacr: Seed log default location is: C:/Users/cnsodano/Documents/Projects/randomnessbeacon/vignettes/beacr
Calling rlang::inform...


namespace: beacr || Log signal type: INFO 
[2026-05-16 12:58:46]: || .inform || strictness:0 || <message/rlang_message>
Message:
beacr fully loaded!
Calling rlang::inform...


INFO [2026-05-16 13:44:08] || .inform || strictness:0 || <message/rlang_message>
Message:
beacr: Debug logs are being written to: C:/Users/cnsodano/Documents/Projects/randomnessbeacon/vignettes/beacr
Calling rlang::inform...


namespace: beacr || Log signal type: INFO 
[2026-05-16 13:44:08]: || .inform || strictness:0 || <message/rlang_message>
Message:
beacr: Seed log default location is: C:/Users/cnsodano/Documents/Projects/randomnessbeacon/vignettes/beacr
Calling rlang::inform...


namespace: beacr || Log signal type: INFO 
[2026-05-16 13:44:08]: || .inform || strictness:0 || <message/rlang_message>
Message:
beacr fully loaded!
Calling rlang::inform...


